// Jest Snapshot v1, https://goo.gl/fbAQLP

exports[`<Home /> should render top-level wrapper correctly 1`] = `
.c0 {
  width: 100vw;
  height: 100vh;
  background: #FFFFFF;
  display: -webkit-box;
  display: -webkit-flex;
  display: -ms-flexbox;
  display: flex;
  -webkit-align-items: center;
  -webkit-box-align: center;
  -ms-flex-align: center;
  align-items: center;
  -webkit-box-pack: center;
  -webkit-justify-content: center;
  -ms-flex-pack: center;
  justify-content: center;
}

<main
  aria-label="Home template"
  class="c0"
/>
`;
